[2019-07-23T12:44:52.296-0400][gc,heap] Heap region size: 1M
[2019-07-23T12:44:52.306-0400][gc     ] Using G1
[2019-07-23T12:44:52.306-0400][gc,heap,coops] Heap address: 0x00000000c0000000, size: 1024 MB, Compressed Oops mode: 32-bit
[2019-07-23T12:44:52.306-0400][gc,cds       ] Mark closed archive regions in map: [0x00000000fff00000, 0x00000000fff69ff8]
[2019-07-23T12:44:52.306-0400][gc,cds       ] Mark open archive regions in map: [0x00000000ffe00000, 0x00000000ffe34ff8]
[2019-07-23T12:44:54.146-0400][gc,start     ] GC(0) Pause Young (Normal) (G1 Evacuation Pause)
[2019-07-23T12:44:54.146-0400][gc,task      ] GC(0) Using 2 workers of 2 for evacuation
[2019-07-23T12:44:54.166-0400][gc,phases    ] GC(0)   Pre Evacuate Collection Set: 0.0ms
[2019-07-23T12:44:54.166-0400][gc,phases    ] GC(0)   Evacuate Collection Set: 19.4ms
[2019-07-23T12:44:54.166-0400][gc,phases    ] GC(0)   Post Evacuate Collection Set: 0.5ms
[2019-07-23T12:44:54.166-0400][gc,phases    ] GC(0)   Other: 0.2ms
[2019-07-23T12:44:54.166-0400][gc,heap      ] GC(0) Eden regions: 51->0(45)
[2019-07-23T12:44:54.166-0400][gc,heap      ] GC(0) Survivor regions: 0->6(7)
[2019-07-23T12:44:54.166-0400][gc,heap      ] GC(0) Old regions: 2->2
[2019-07-23T12:44:54.166-0400][gc,heap      ] GC(0) Humongous regions: 1->1
[2019-07-23T12:44:54.166-0400][gc,metaspace ] GC(0) Metaspace: 15449K->15449K(1062912K)
[2019-07-23T12:44:54.166-0400][gc           ] GC(0) Pause Young (Normal) (G1 Evacuation Pause) 52M->7M(1024M) 20.191ms
[2019-07-23T12:44:54.166-0400][gc,cpu       ] GC(0) User=0.02s Sys=0.02s Real=0.02s
[2019-07-23T12:44:55.117-0400][gc,start     ] GC(1) Pause Young (Concurrent Start) (Metadata GC Threshold)
[2019-07-23T12:44:55.117-0400][gc,task      ] GC(1) Using 2 workers of 2 for evacuation
[2019-07-23T12:44:55.147-0400][gc,mmu       ] GC(1) MMU target violated: 21.0ms (20.0ms/21.0ms)
[2019-07-23T12:44:55.147-0400][gc,phases    ] GC(1)   Pre Evacuate Collection Set: 0.0ms
[2019-07-23T12:44:55.147-0400][gc,phases    ] GC(1)   Evacuate Collection Set: 29.5ms
[2019-07-23T12:44:55.147-0400][gc,phases    ] GC(1)   Post Evacuate Collection Set: 0.7ms
[2019-07-23T12:44:55.147-0400][gc,phases    ] GC(1)   Other: 0.2ms
[2019-07-23T12:44:55.147-0400][gc,heap      ] GC(1) Eden regions: 29->0(48)
[2019-07-23T12:44:55.147-0400][gc,heap      ] GC(1) Survivor regions: 6->3(7)
[2019-07-23T12:44:55.147-0400][gc,heap      ] GC(1) Old regions: 2->8
[2019-07-23T12:44:55.147-0400][gc,heap      ] GC(1) Humongous regions: 130->130
[2019-07-23T12:44:55.147-0400][gc,metaspace ] GC(1) Metaspace: 20730K->20730K(1067008K)
[2019-07-23T12:44:55.147-0400][gc           ] GC(1) Pause Young (Concurrent Start) (Metadata GC Threshold) 165M->138M(1024M) 30.499ms
[2019-07-23T12:44:55.148-0400][gc,cpu       ] GC(1) User=0.03s Sys=0.01s Real=0.03s
[2019-07-23T12:44:55.148-0400][gc           ] GC(2) Concurrent Cycle
[2019-07-23T12:44:55.148-0400][gc,marking   ] GC(2) Concurrent Clear Claimed Marks
[2019-07-23T12:44:55.148-0400][gc,marking   ] GC(2) Concurrent Clear Claimed Marks 0.031ms
[2019-07-23T12:44:55.148-0400][gc,marking   ] GC(2) Concurrent Scan Root Regions
[2019-07-23T12:44:55.150-0400][gc,marking   ] GC(2) Concurrent Scan Root Regions 2.145ms
[2019-07-23T12:44:55.150-0400][gc,marking   ] GC(2) Concurrent Mark (2.856s)
[2019-07-23T12:44:55.150-0400][gc,marking   ] GC(2) Concurrent Mark From Roots
[2019-07-23T12:44:55.150-0400][gc,task      ] GC(2) Using 1 workers of 1 for marking
[2019-07-23T12:44:55.163-0400][gc,marking   ] GC(2) Concurrent Mark From Roots 12.477ms
[2019-07-23T12:44:55.163-0400][gc,marking   ] GC(2) Concurrent Preclean
[2019-07-23T12:44:55.163-0400][gc,marking   ] GC(2) Concurrent Preclean 0.055ms
[2019-07-23T12:44:55.163-0400][gc,marking   ] GC(2) Concurrent Mark (2.856s, 2.869s) 12.568ms
[2019-07-23T12:44:55.163-0400][gc,start     ] GC(2) Pause Remark
[2019-07-23T12:44:55.166-0400][gc,stringtable] GC(2) Cleaned string and symbol table, strings: 6794 processed, 0 removed, symbols: 50712 processed, 44 removed
[2019-07-23T12:44:55.166-0400][gc            ] GC(2) Pause Remark 139M->139M(1024M) 3.320ms
[2019-07-23T12:44:55.166-0400][gc,cpu        ] GC(2) User=0.00s Sys=0.00s Real=0.00s
[2019-07-23T12:44:55.166-0400][gc,marking    ] GC(2) Concurrent Rebuild Remembered Sets
[2019-07-23T12:44:55.178-0400][gc,marking    ] GC(2) Concurrent Rebuild Remembered Sets 11.290ms
[2019-07-23T12:44:55.181-0400][gc,start      ] GC(2) Pause Cleanup
[2019-07-23T12:44:55.181-0400][gc            ] GC(2) Pause Cleanup 139M->139M(1024M) 0.204ms
[2019-07-23T12:44:55.181-0400][gc,cpu        ] GC(2) User=0.00s Sys=0.00s Real=0.00s
[2019-07-23T12:44:55.181-0400][gc,marking    ] GC(2) Concurrent Cleanup for Next Mark
[2019-07-23T12:44:55.233-0400][gc,marking    ] GC(2) Concurrent Cleanup for Next Mark 52.248ms
[2019-07-23T12:44:55.233-0400][gc            ] GC(2) Concurrent Cycle 85.626ms
[2019-07-23T12:45:54.306-0400][gc,start      ] GC(3) Pause Young (Normal) (G1 Evacuation Pause)
[2019-07-23T12:45:54.306-0400][gc,task       ] GC(3) Using 2 workers of 2 for evacuation
[2019-07-23T12:45:54.324-0400][gc,phases     ] GC(3)   Pre Evacuate Collection Set: 0.0ms
[2019-07-23T12:45:54.324-0400][gc,phases     ] GC(3)   Evacuate Collection Set: 17.4ms
[2019-07-23T12:45:54.324-0400][gc,phases     ] GC(3)   Post Evacuate Collection Set: 0.4ms
[2019-07-23T12:45:54.324-0400][gc,phases     ] GC(3)   Other: 0.3ms
[2019-07-23T12:45:54.324-0400][gc,heap       ] GC(3) Eden regions: 48->0(45)
[2019-07-23T12:45:54.324-0400][gc,heap       ] GC(3) Survivor regions: 3->6(7)
[2019-07-23T12:45:54.324-0400][gc,heap       ] GC(3) Old regions: 8->8
[2019-07-23T12:45:54.324-0400][gc,heap       ] GC(3) Humongous regions: 130->130
[2019-07-23T12:45:54.324-0400][gc,metaspace  ] GC(3) Metaspace: 27990K->27990K(1075200K)
[2019-07-23T12:45:54.324-0400][gc            ] GC(3) Pause Young (Normal) (G1 Evacuation Pause) 186M->141M(1024M) 18.165ms
[2019-07-23T12:45:54.324-0400][gc,cpu        ] GC(3) User=0.01s Sys=0.01s Real=0.02s
[2019-07-23T12:50:22.349-0400][gc,start      ] GC(4) Pause Young (Normal) (G1 Evacuation Pause)
[2019-07-23T12:50:22.349-0400][gc,task       ] GC(4) Using 2 workers of 2 for evacuation
[2019-07-23T12:50:22.360-0400][gc,phases     ] GC(4)   Pre Evacuate Collection Set: 0.0ms
[2019-07-23T12:50:22.360-0400][gc,phases     ] GC(4)   Evacuate Collection Set: 9.8ms
[2019-07-23T12:50:22.360-0400][gc,phases     ] GC(4)   Post Evacuate Collection Set: 0.3ms
[2019-07-23T12:50:22.360-0400][gc,phases     ] GC(4)   Other: 0.4ms
[2019-07-23T12:50:22.360-0400][gc,heap       ] GC(4) Eden regions: 45->0(46)
[2019-07-23T12:50:22.360-0400][gc,heap       ] GC(4) Survivor regions: 6->5(7)
[2019-07-23T12:50:22.360-0400][gc,heap       ] GC(4) Old regions: 8->10
[2019-07-23T12:50:22.360-0400][gc,heap       ] GC(4) Humongous regions: 130->130
[2019-07-23T12:50:22.360-0400][gc,metaspace  ] GC(4) Metaspace: 31002K->31002K(1077248K)
[2019-07-23T12:50:22.360-0400][gc            ] GC(4) Pause Young (Normal) (G1 Evacuation Pause) 186M->143M(1024M) 10.639ms
[2019-07-23T12:50:22.360-0400][gc,cpu        ] GC(4) User=0.02s Sys=0.00s Real=0.00s
[2019-07-23T12:58:13.357-0400][gc,start      ] GC(5) Pause Young (Normal) (G1 Evacuation Pause)
[2019-07-23T12:58:13.357-0400][gc,task       ] GC(5) Using 2 workers of 2 for evacuation
[2019-07-23T12:58:13.365-0400][gc,phases     ] GC(5)   Pre Evacuate Collection Set: 0.0ms
[2019-07-23T12:58:13.365-0400][gc,phases     ] GC(5)   Evacuate Collection Set: 7.8ms
[2019-07-23T12:58:13.365-0400][gc,phases     ] GC(5)   Post Evacuate Collection Set: 0.3ms
[2019-07-23T12:58:13.365-0400][gc,phases     ] GC(5)   Other: 0.2ms
[2019-07-23T12:58:13.365-0400][gc,heap       ] GC(5) Eden regions: 46->0(48)
[2019-07-23T12:58:13.365-0400][gc,heap       ] GC(5) Survivor regions: 5->3(7)
[2019-07-23T12:58:13.365-0400][gc,heap       ] GC(5) Old regions: 10->14
[2019-07-23T12:58:13.365-0400][gc,heap       ] GC(5) Humongous regions: 130->130
[2019-07-23T12:58:13.365-0400][gc,metaspace  ] GC(5) Metaspace: 31248K->31248K(1077248K)
[2019-07-23T12:58:13.365-0400][gc            ] GC(5) Pause Young (Normal) (G1 Evacuation Pause) 189M->144M(1024M) 8.436ms
[2019-07-23T12:58:13.365-0400][gc,cpu        ] GC(5) User=0.01s Sys=0.00s Real=0.01s
[2019-07-23T13:06:36.229-0400][gc,start      ] GC(6) Pause Young (Normal) (G1 Evacuation Pause)
[2019-07-23T13:06:36.229-0400][gc,task       ] GC(6) Using 2 workers of 2 for evacuation
[2019-07-23T13:06:36.238-0400][gc,phases     ] GC(6)   Pre Evacuate Collection Set: 0.0ms
[2019-07-23T13:06:36.238-0400][gc,phases     ] GC(6)   Evacuate Collection Set: 8.6ms
[2019-07-23T13:06:36.238-0400][gc,phases     ] GC(6)   Post Evacuate Collection Set: 0.3ms
[2019-07-23T13:06:36.238-0400][gc,phases     ] GC(6)   Other: 0.2ms
[2019-07-23T13:06:36.238-0400][gc,heap       ] GC(6) Eden regions: 48->0(48)
[2019-07-23T13:06:36.238-0400][gc,heap       ] GC(6) Survivor regions: 3->3(7)
[2019-07-23T13:06:36.238-0400][gc,heap       ] GC(6) Old regions: 14->14
[2019-07-23T13:06:36.238-0400][gc,heap       ] GC(6) Humongous regions: 130->130
[2019-07-23T13:06:36.238-0400][gc,metaspace  ] GC(6) Metaspace: 31362K->31362K(1077248K)
[2019-07-23T13:06:36.238-0400][gc            ] GC(6) Pause Young (Normal) (G1 Evacuation Pause) 192M->144M(1024M) 9.359ms
[2019-07-23T13:06:36.238-0400][gc,cpu        ] GC(6) User=0.01s Sys=0.00s Real=0.00s
[2019-07-23T13:17:25.095-0400][gc,start      ] GC(7) Pause Young (Normal) (G1 Evacuation Pause)
[2019-07-23T13:17:25.096-0400][gc,task       ] GC(7) Using 2 workers of 2 for evacuation
[2019-07-23T13:17:25.110-0400][gc,phases     ] GC(7)   Pre Evacuate Collection Set: 0.1ms
[2019-07-23T13:17:25.110-0400][gc,phases     ] GC(7)   Evacuate Collection Set: 13.3ms
[2019-07-23T13:17:25.111-0400][gc,phases     ] GC(7)   Post Evacuate Collection Set: 1.0ms
[2019-07-23T13:17:25.111-0400][gc,phases     ] GC(7)   Other: 0.7ms
[2019-07-23T13:17:25.111-0400][gc,heap       ] GC(7) Eden regions: 48->0(47)
[2019-07-23T13:17:25.111-0400][gc,heap       ] GC(7) Survivor regions: 3->4(7)
[2019-07-23T13:17:25.111-0400][gc,heap       ] GC(7) Old regions: 14->14
[2019-07-23T13:17:25.111-0400][gc,heap       ] GC(7) Humongous regions: 130->130
[2019-07-23T13:17:25.111-0400][gc,metaspace  ] GC(7) Metaspace: 31437K->31437K(1077248K)
[2019-07-23T13:17:25.111-0400][gc            ] GC(7) Pause Young (Normal) (G1 Evacuation Pause) 192M->145M(1024M) 15.592ms
[2019-07-23T13:17:25.111-0400][gc,cpu        ] GC(7) User=0.02s Sys=0.00s Real=0.02s
[2019-07-23T13:29:24.554-0400][gc,start      ] GC(8) Pause Young (Normal) (G1 Evacuation Pause)
[2019-07-23T13:29:24.554-0400][gc,task       ] GC(8) Using 2 workers of 2 for evacuation
[2019-07-23T13:29:24.561-0400][gc,phases     ] GC(8)   Pre Evacuate Collection Set: 0.0ms
[2019-07-23T13:29:24.561-0400][gc,phases     ] GC(8)   Evacuate Collection Set: 6.6ms
[2019-07-23T13:29:24.561-0400][gc,phases     ] GC(8)   Post Evacuate Collection Set: 0.4ms
[2019-07-23T13:29:24.561-0400][gc,phases     ] GC(8)   Other: 0.2ms
[2019-07-23T13:29:24.561-0400][gc,heap       ] GC(8) Eden regions: 47->0(48)
[2019-07-23T13:29:24.561-0400][gc,heap       ] GC(8) Survivor regions: 4->3(7)
[2019-07-23T13:29:24.561-0400][gc,heap       ] GC(8) Old regions: 14->14
[2019-07-23T13:29:24.561-0400][gc,heap       ] GC(8) Humongous regions: 130->130
[2019-07-23T13:29:24.561-0400][gc,metaspace  ] GC(8) Metaspace: 31492K->31492K(1077248K)
[2019-07-23T13:29:24.561-0400][gc            ] GC(8) Pause Young (Normal) (G1 Evacuation Pause) 192M->144M(1024M) 7.292ms
[2019-07-23T13:29:24.561-0400][gc,cpu        ] GC(8) User=0.01s Sys=0.00s Real=0.01s
[2019-07-23T13:37:19.672-0400][gc,start      ] GC(9) Pause Young (Normal) (G1 Evacuation Pause)
[2019-07-23T13:37:19.672-0400][gc,task       ] GC(9) Using 2 workers of 2 for evacuation
[2019-07-23T13:37:19.702-0400][gc,mmu        ] GC(9) MMU target violated: 21.0ms (20.0ms/21.0ms)
[2019-07-23T13:37:19.702-0400][gc,phases     ] GC(9)   Pre Evacuate Collection Set: 0.0ms
[2019-07-23T13:37:19.702-0400][gc,phases     ] GC(9)   Evacuate Collection Set: 28.8ms
[2019-07-23T13:37:19.702-0400][gc,phases     ] GC(9)   Post Evacuate Collection Set: 0.3ms
[2019-07-23T13:37:19.702-0400][gc,phases     ] GC(9)   Other: 0.3ms
[2019-07-23T13:37:19.702-0400][gc,heap       ] GC(9) Eden regions: 48->0(47)
[2019-07-23T13:37:19.702-0400][gc,heap       ] GC(9) Survivor regions: 3->4(7)
[2019-07-23T13:37:19.702-0400][gc,heap       ] GC(9) Old regions: 14->14
[2019-07-23T13:37:19.702-0400][gc,heap       ] GC(9) Humongous regions: 130->130
[2019-07-23T13:37:19.702-0400][gc,metaspace  ] GC(9) Metaspace: 31915K->31915K(1077248K)
[2019-07-23T13:37:19.702-0400][gc            ] GC(9) Pause Young (Normal) (G1 Evacuation Pause) 192M->145M(1024M) 29.506ms
[2019-07-23T13:37:19.702-0400][gc,cpu        ] GC(9) User=0.02s Sys=0.00s Real=0.03s
[2019-07-23T13:44:19.554-0400][gc,start      ] GC(10) Pause Young (Normal) (G1 Evacuation Pause)
[2019-07-23T13:44:19.554-0400][gc,task       ] GC(10) Using 2 workers of 2 for evacuation
[2019-07-23T13:44:19.571-0400][gc,phases     ] GC(10)   Pre Evacuate Collection Set: 0.0ms
[2019-07-23T13:44:19.571-0400][gc,phases     ] GC(10)   Evacuate Collection Set: 16.3ms
[2019-07-23T13:44:19.571-0400][gc,phases     ] GC(10)   Post Evacuate Collection Set: 0.3ms
[2019-07-23T13:44:19.571-0400][gc,phases     ] GC(10)   Other: 0.2ms
[2019-07-23T13:44:19.571-0400][gc,heap       ] GC(10) Eden regions: 47->0(47)
[2019-07-23T13:44:19.571-0400][gc,heap       ] GC(10) Survivor regions: 4->4(7)
[2019-07-23T13:44:19.571-0400][gc,heap       ] GC(10) Old regions: 14->14
[2019-07-23T13:44:19.571-0400][gc,heap       ] GC(10) Humongous regions: 130->130
[2019-07-23T13:44:19.571-0400][gc,metaspace  ] GC(10) Metaspace: 32153K->32153K(1079296K)
[2019-07-23T13:44:19.571-0400][gc            ] GC(10) Pause Young (Normal) (G1 Evacuation Pause) 192M->145M(1024M) 16.931ms
[2019-07-23T13:44:19.571-0400][gc,cpu        ] GC(10) User=0.01s Sys=0.00s Real=0.02s
[2019-07-23T13:55:34.570-0400][gc,start      ] GC(11) Pause Young (Normal) (G1 Evacuation Pause)
[2019-07-23T13:55:34.570-0400][gc,task       ] GC(11) Using 2 workers of 2 for evacuation
[2019-07-23T13:55:34.597-0400][gc,mmu        ] GC(11) MMU target violated: 21.0ms (20.0ms/21.0ms)
[2019-07-23T13:55:34.597-0400][gc,phases     ] GC(11)   Pre Evacuate Collection Set: 0.0ms
[2019-07-23T13:55:34.597-0400][gc,phases     ] GC(11)   Evacuate Collection Set: 27.1ms
[2019-07-23T13:55:34.598-0400][gc,phases     ] GC(11)   Post Evacuate Collection Set: 0.3ms
[2019-07-23T13:55:34.598-0400][gc,phases     ] GC(11)   Other: 0.3ms
[2019-07-23T13:55:34.598-0400][gc,heap       ] GC(11) Eden regions: 47->0(48)
[2019-07-23T13:55:34.598-0400][gc,heap       ] GC(11) Survivor regions: 4->3(7)
[2019-07-23T13:55:34.598-0400][gc,heap       ] GC(11) Old regions: 14->14
[2019-07-23T13:55:34.598-0400][gc,heap       ] GC(11) Humongous regions: 130->130
[2019-07-23T13:55:34.598-0400][gc,metaspace  ] GC(11) Metaspace: 32210K->32210K(1079296K)
[2019-07-23T13:55:34.598-0400][gc            ] GC(11) Pause Young (Normal) (G1 Evacuation Pause) 192M->145M(1024M) 27.718ms
[2019-07-23T13:55:34.598-0400][gc,cpu        ] GC(11) User=0.01s Sys=0.01s Real=0.02s
[2019-07-23T14:04:39.554-0400][gc,start      ] GC(12) Pause Young (Normal) (G1 Evacuation Pause)
[2019-07-23T14:04:39.554-0400][gc,task       ] GC(12) Using 2 workers of 2 for evacuation
[2019-07-23T14:04:39.561-0400][gc,phases     ] GC(12)   Pre Evacuate Collection Set: 0.0ms
[2019-07-23T14:04:39.561-0400][gc,phases     ] GC(12)   Evacuate Collection Set: 7.1ms
[2019-07-23T14:04:39.562-0400][gc,phases     ] GC(12)   Post Evacuate Collection Set: 0.4ms
[2019-07-23T14:04:39.562-0400][gc,phases     ] GC(12)   Other: 0.4ms
[2019-07-23T14:04:39.562-0400][gc,heap       ] GC(12) Eden regions: 48->0(48)
[2019-07-23T14:04:39.562-0400][gc,heap       ] GC(12) Survivor regions: 3->3(7)
[2019-07-23T14:04:39.562-0400][gc,heap       ] GC(12) Old regions: 14->14
[2019-07-23T14:04:39.562-0400][gc,heap       ] GC(12) Humongous regions: 130->130
[2019-07-23T14:04:39.562-0400][gc,metaspace  ] GC(12) Metaspace: 32425K->32425K(1079296K)
[2019-07-23T14:04:39.562-0400][gc            ] GC(12) Pause Young (Normal) (G1 Evacuation Pause) 193M->145M(1024M) 7.952ms
[2019-07-23T14:04:39.562-0400][gc,cpu        ] GC(12) User=0.02s Sys=0.00s Real=0.01s
[2019-07-23T14:12:44.554-0400][gc,start      ] GC(13) Pause Young (Normal) (G1 Evacuation Pause)
[2019-07-23T14:12:44.554-0400][gc,task       ] GC(13) Using 2 workers of 2 for evacuation
[2019-07-23T14:12:44.559-0400][gc,phases     ] GC(13)   Pre Evacuate Collection Set: 0.0ms
[2019-07-23T14:12:44.559-0400][gc,phases     ] GC(13)   Evacuate Collection Set: 5.3ms
[2019-07-23T14:12:44.559-0400][gc,phases     ] GC(13)   Post Evacuate Collection Set: 0.3ms
[2019-07-23T14:12:44.560-0400][gc,phases     ] GC(13)   Other: 0.2ms
[2019-07-23T14:12:44.560-0400][gc,heap       ] GC(13) Eden regions: 48->0(47)
[2019-07-23T14:12:44.560-0400][gc,heap       ] GC(13) Survivor regions: 3->4(7)
[2019-07-23T14:12:44.560-0400][gc,heap       ] GC(13) Old regions: 14->14
[2019-07-23T14:12:44.560-0400][gc,heap       ] GC(13) Humongous regions: 130->130
[2019-07-23T14:12:44.560-0400][gc,metaspace  ] GC(13) Metaspace: 32512K->32512K(1079296K)
[2019-07-23T14:12:44.560-0400][gc            ] GC(13) Pause Young (Normal) (G1 Evacuation Pause) 193M->145M(1024M) 5.999ms
[2019-07-23T14:12:44.560-0400][gc,cpu        ] GC(13) User=0.01s Sys=0.00s Real=0.00s
[2019-07-23T14:19:44.553-0400][gc,start      ] GC(14) Pause Young (Normal) (G1 Evacuation Pause)
[2019-07-23T14:19:44.553-0400][gc,task       ] GC(14) Using 2 workers of 2 for evacuation
[2019-07-23T14:19:44.560-0400][gc,phases     ] GC(14)   Pre Evacuate Collection Set: 0.0ms
[2019-07-23T14:19:44.560-0400][gc,phases     ] GC(14)   Evacuate Collection Set: 6.6ms
[2019-07-23T14:19:44.560-0400][gc,phases     ] GC(14)   Post Evacuate Collection Set: 0.3ms
[2019-07-23T14:19:44.560-0400][gc,phases     ] GC(14)   Other: 0.2ms
[2019-07-23T14:19:44.560-0400][gc,heap       ] GC(14) Eden regions: 47->0(49)
[2019-07-23T14:19:44.560-0400][gc,heap       ] GC(14) Survivor regions: 4->4(7)
[2019-07-23T14:19:44.560-0400][gc,heap       ] GC(14) Old regions: 14->14
[2019-07-23T14:19:44.560-0400][gc,heap       ] GC(14) Humongous regions: 130->130
[2019-07-23T14:19:44.560-0400][gc,metaspace  ] GC(14) Metaspace: 32603K->32603K(1079296K)
[2019-07-23T14:19:44.560-0400][gc            ] GC(14) Pause Young (Normal) (G1 Evacuation Pause) 192M->145M(1024M) 7.274ms
[2019-07-23T14:19:44.560-0400][gc,cpu        ] GC(14) User=0.01s Sys=0.00s Real=0.01s
[2019-07-23T14:27:34.293-0400][gc,start      ] GC(15) Pause Young (Normal) (G1 Evacuation Pause)
[2019-07-23T14:27:34.293-0400][gc,task       ] GC(15) Using 2 workers of 2 for evacuation
[2019-07-23T14:27:34.299-0400][gc,phases     ] GC(15)   Pre Evacuate Collection Set: 0.0ms
[2019-07-23T14:27:34.299-0400][gc,phases     ] GC(15)   Evacuate Collection Set: 5.6ms
[2019-07-23T14:27:34.299-0400][gc,phases     ] GC(15)   Post Evacuate Collection Set: 0.3ms
[2019-07-23T14:27:34.299-0400][gc,phases     ] GC(15)   Other: 0.2ms
[2019-07-23T14:27:34.299-0400][gc,heap       ] GC(15) Eden regions: 49->0(55)
[2019-07-23T14:27:34.299-0400][gc,heap       ] GC(15) Survivor regions: 4->4(7)
[2019-07-23T14:27:34.299-0400][gc,heap       ] GC(15) Old regions: 14->14
[2019-07-23T14:27:34.299-0400][gc,heap       ] GC(15) Humongous regions: 130->130
[2019-07-23T14:27:34.299-0400][gc,metaspace  ] GC(15) Metaspace: 32692K->32692K(1079296K)
[2019-07-23T14:27:34.299-0400][gc            ] GC(15) Pause Young (Normal) (G1 Evacuation Pause) 194M->145M(1024M) 6.082ms
[2019-07-23T14:27:34.299-0400][gc,cpu        ] GC(15) User=0.01s Sys=0.00s Real=0.00s
[2019-07-23T14:45:24.488-0400][gc,start      ] GC(16) Pause Young (Normal) (G1 Evacuation Pause)
[2019-07-23T14:45:24.488-0400][gc,task       ] GC(16) Using 2 workers of 2 for evacuation
[2019-07-23T14:45:24.498-0400][gc,phases     ] GC(16)   Pre Evacuate Collection Set: 0.1ms
[2019-07-23T14:45:24.498-0400][gc,phases     ] GC(16)   Evacuate Collection Set: 9.1ms
[2019-07-23T14:45:24.498-0400][gc,phases     ] GC(16)   Post Evacuate Collection Set: 0.3ms
[2019-07-23T14:45:24.498-0400][gc,phases     ] GC(16)   Other: 0.4ms
[2019-07-23T14:45:24.498-0400][gc,heap       ] GC(16) Eden regions: 55->0(82)
[2019-07-23T14:45:24.498-0400][gc,heap       ] GC(16) Survivor regions: 4->4(8)
[2019-07-23T14:45:24.498-0400][gc,heap       ] GC(16) Old regions: 14->14
[2019-07-23T14:45:24.498-0400][gc,heap       ] GC(16) Humongous regions: 130->130
[2019-07-23T14:45:24.498-0400][gc,metaspace  ] GC(16) Metaspace: 32741K->32741K(1079296K)
[2019-07-23T14:45:24.498-0400][gc            ] GC(16) Pause Young (Normal) (G1 Evacuation Pause) 200M->145M(1024M) 9.937ms
[2019-07-23T14:45:24.498-0400][gc,cpu        ] GC(16) User=0.01s Sys=0.00s Real=0.01s
[2019-07-23T14:59:24.487-0400][gc,start      ] GC(17) Pause Young (Normal) (G1 Evacuation Pause)
[2019-07-23T14:59:24.487-0400][gc,task       ] GC(17) Using 2 workers of 2 for evacuation
[2019-07-23T14:59:24.494-0400][gc,phases     ] GC(17)   Pre Evacuate Collection Set: 0.1ms
[2019-07-23T14:59:24.494-0400][gc,phases     ] GC(17)   Evacuate Collection Set: 6.6ms
[2019-07-23T14:59:24.494-0400][gc,phases     ] GC(17)   Post Evacuate Collection Set: 0.4ms
[2019-07-23T14:59:24.494-0400][gc,phases     ] GC(17)   Other: 0.3ms
[2019-07-23T14:59:24.494-0400][gc,heap       ] GC(17) Eden regions: 82->0(103)
[2019-07-23T14:59:24.494-0400][gc,heap       ] GC(17) Survivor regions: 4->4(11)
[2019-07-23T14:59:24.494-0400][gc,heap       ] GC(17) Old regions: 14->14
[2019-07-23T14:59:24.494-0400][gc,heap       ] GC(17) Humongous regions: 130->130
[2019-07-23T14:59:24.494-0400][gc,metaspace  ] GC(17) Metaspace: 32943K->32943K(1079296K)
[2019-07-23T14:59:24.494-0400][gc            ] GC(17) Pause Young (Normal) (G1 Evacuation Pause) 227M->146M(1024M) 7.408ms
[2019-07-23T14:59:24.494-0400][gc,cpu        ] GC(17) User=0.01s Sys=0.00s Real=0.01s
[2019-07-23T15:20:18.823-0400][gc,start      ] GC(18) Pause Young (Normal) (G1 Evacuation Pause)
[2019-07-23T15:20:18.823-0400][gc,task       ] GC(18) Using 2 workers of 2 for evacuation
[2019-07-23T15:20:18.831-0400][gc,phases     ] GC(18)   Pre Evacuate Collection Set: 0.0ms
[2019-07-23T15:20:18.831-0400][gc,phases     ] GC(18)   Evacuate Collection Set: 7.4ms
[2019-07-23T15:20:18.831-0400][gc,phases     ] GC(18)   Post Evacuate Collection Set: 0.3ms
[2019-07-23T15:20:18.831-0400][gc,phases     ] GC(18)   Other: 0.3ms
[2019-07-23T15:20:18.831-0400][gc,heap       ] GC(18) Eden regions: 103->0(107)
[2019-07-23T15:20:18.831-0400][gc,heap       ] GC(18) Survivor regions: 4->4(14)
[2019-07-23T15:20:18.831-0400][gc,heap       ] GC(18) Old regions: 14->14
[2019-07-23T15:20:18.831-0400][gc,heap       ] GC(18) Humongous regions: 130->130
[2019-07-23T15:20:18.831-0400][gc,metaspace  ] GC(18) Metaspace: 33096K->33096K(1079296K)
[2019-07-23T15:20:18.831-0400][gc            ] GC(18) Pause Young (Normal) (G1 Evacuation Pause) 249M->146M(1024M) 8.093ms
[2019-07-23T15:20:18.831-0400][gc,cpu        ] GC(18) User=0.02s Sys=0.00s Real=0.01s
[2019-07-23T15:46:17.891-0400][gc,start      ] GC(19) Pause Young (Normal) (G1 Evacuation Pause)
[2019-07-23T15:46:17.891-0400][gc,task       ] GC(19) Using 2 workers of 2 for evacuation
[2019-07-23T15:46:17.902-0400][gc,phases     ] GC(19)   Pre Evacuate Collection Set: 0.0ms
[2019-07-23T15:46:17.902-0400][gc,phases     ] GC(19)   Evacuate Collection Set: 10.4ms
[2019-07-23T15:46:17.902-0400][gc,phases     ] GC(19)   Post Evacuate Collection Set: 0.5ms
[2019-07-23T15:46:17.902-0400][gc,phases     ] GC(19)   Other: 0.3ms
[2019-07-23T15:46:17.902-0400][gc,heap       ] GC(19) Eden regions: 107->0(109)
[2019-07-23T15:46:17.902-0400][gc,heap       ] GC(19) Survivor regions: 4->4(14)
[2019-07-23T15:46:17.902-0400][gc,heap       ] GC(19) Old regions: 14->14
[2019-07-23T15:46:17.902-0400][gc,heap       ] GC(19) Humongous regions: 130->130
[2019-07-23T15:46:17.902-0400][gc,metaspace  ] GC(19) Metaspace: 33104K->33104K(1079296K)
[2019-07-23T15:46:17.902-0400][gc            ] GC(19) Pause Young (Normal) (G1 Evacuation Pause) 253M->146M(1024M) 11.392ms
[2019-07-23T15:46:17.902-0400][gc,cpu        ] GC(19) User=0.02s Sys=0.00s Real=0.01s
